***start***
0.567800 : 1.010100 : 21.320100
0.123400 : 0.101010 : 12.012300
0.123400 : 0.101010 : 12.012300
***end***
